
R version 4.1.0 (2021-05-18) -- "Camp Pontanezen"
Copyright (C) 2021 The R Foundation for Statistical Computing
Platform: x86_64-pc-linux-gnu (64-bit)

R is free software and comes with ABSOLUTELY NO WARRANTY.
You are welcome to redistribute it under certain conditions.
Type 'license()' or 'licence()' for distribution details.

  Natural language support but running in an English locale

R is a collaborative project with many contributors.
Type 'contributors()' for more information and
'citation()' on how to cite R or R packages in publications.

Type 'demo()' for some demos, 'help()' for on-line help, or
'help.start()' for an HTML browser interface to help.
Type 'q()' to quit R.

> # Title ####
> # For downloading and preparing historical weather data. 
> 
> rm(list=ls())
> 
> ####Dependencies####
> library(tidyverse)
── Attaching core tidyverse packages ──────────────────────── tidyverse 2.0.0 ──
✔ dplyr     1.1.2     ✔ readr     2.1.5
✔ forcats   1.0.0     ✔ stringr   1.5.1
✔ ggplot2   3.5.1     ✔ tibble    3.2.1
✔ lubridate 1.9.2     ✔ tidyr     1.2.1
✔ purrr     0.3.5     
── Conflicts ────────────────────────────────────────── tidyverse_conflicts() ──
✖ dplyr::filter() masks stats::filter()
✖ dplyr::lag()    masks stats::lag()
ℹ Use the conflicted package (<http://conflicted.r-lib.org/>) to force all conflicts to become errors
Warning messages:
1: package ‘tidyr’ was built under R version 4.1.2 
2: package ‘purrr’ was built under R version 4.1.2 
> library(lubridate)
> library(data.table)

Attaching package: ‘data.table’

The following objects are masked from ‘package:lubridate’:

    hour, isoweek, mday, minute, month, quarter, second, wday, week,
    yday, year

The following objects are masked from ‘package:dplyr’:

    between, first, last

The following object is masked from ‘package:purrr’:

    transpose

> library(curl)
Using libcurl 7.68.0 with GnuTLS/3.6.13

Attaching package: ‘curl’

The following object is masked from ‘package:readr’:

    parse_date

> library(jsonlite)

Attaching package: ‘jsonlite’

The following object is masked from ‘package:purrr’:

    flatten

Warning message:
package ‘jsonlite’ was built under R version 4.1.2 
> library(RSocrata)
> 
> source("auth/keys.R")
> 
> # SETTING DATES ####
> start_date = as_date("2013-07-01")
> 
> h <- new_handle()
> handle_setheaders(h, 'api_key' = my_api_key)
> 
> all_dates = seq.Date(from = start_date, to=today()-4, by = "day")
> 
> stored_weather_daily = fread("data/spain_weather_daily_historical.csv.gz")
